// Jest Snapshot v1, https://goo.gl/fbAQLP

exports[`Controls component renders Controls 1`] = `
<section
  className="Controls"
>
  <button
    key="Drink_Coffee"
    onClick={[Function]}
  >
    Drink_Coffee
  </button>
  <button
    key="Eat_Snack"
    onClick={[Function]}
  >
    Eat_Snack
  </button>
  <button
    key="Take_Nap"
    onClick={[Function]}
  >
    Take_Nap
  </button>
  <button
    key="Study"
    onClick={[Function]}
  >
    Study
  </button>
</section>
`;
