// Jest Snapshot v1, https://goo.gl/fbAQLP

exports[`Controls component renders Controls 1`] = `
<section
  className="Controls"
>
  <button
    key="incrementCoffees"
    onClick={[Function]}
  >
    incrementCoffees
  </button>
  <button
    key="incrementSnacks"
    onClick={[Function]}
  >
    incrementSnacks
  </button>
  <button
    key="incrementNaps"
    onClick={[Function]}
  >
    incrementNaps
  </button>
  <button
    key="incrementStudies"
    onClick={[Function]}
  >
    incrementStudies
  </button>
</section>
`;
